main.c:56:6:printWelcome	8	static
main.c:70:6:printAmount	8	static
main.c:85:6:printAccount	8	static
main.c:98:6:printCancelled	8	static
main.c:112:6:printEnterpin	8	static
main.c:123:6:printProcessing	8	static
main.c:136:6:printIncorrect	8	static
main.c:148:6:printApproved	8	static
main.c:162:6:printNobalance	8	static
main.c:184:5:main	72	static
main.c:540:6:SystemClock_Config	184	static
main.c:603:13:MX_USART2_UART_Init	8	static
main.c:638:13:MX_GPIO_Init	40	static
main.c:676:6:Error_Handler	4	static
